Test int: 12
integer
Test int Reference: 22
integer
Test int Pointer: 32
externalptr
Test VectorInt: [23 33 43]
integer
Test VectorInt Reference: [24 34 44]
integer
Test VectorInt Pointer: [25 35 45]
integer
Test VectorVectorInt: [[23 33 43] [53 63] [73 83 93]]
list
Test VectorVectorInt Reference: [[24 34 44] [54 64] [74 84 94]]
list 
Test VectorVectorInt Pointer: [[25 35 45] [55 65] [75 85 95]]
list 
Test double: 12.1
numeric
Test double Reference: 22.2
numeric
Test double Pointer: 32.3
externalptr
Test VectorDouble: [23.1 33.1 43.1]
numeric
Test VectorDouble Reference: [24.2 34.2 44.2]
numeric
Test VectorDouble Pointer: [25.3 35.3 45.3]
numeric
Test VectorVectorDouble: [[23.1 33.1 43.1] [53.1 63.1] [73.1 83.1 93.1]]
list 
Test VectorVectorDouble Reference: [[24.2 34.2 44.2] [54.2 64.2] [74.2 84.2 94.2]]
list 
Test VectorVectorDouble Pointer: [[25.3 35.3 45.3] [55.3 65.3] [75.3 85.3 95.3]]
list 
Test String: Str12
character
Test String Reference: Str22
character
Test VectorString: [Str23 Str33 Str43]
character
Test VectorString Reference: [Str24 Str34 Str44]
character
Test VectorString Pointer: [Str25 Str35 Str45]
character 
Test VectorInt: []
Test VectorInt: [101]
Test VectorInt: [102]
Test VectorDouble: []
Test VectorDouble: [201.1]
Test VectorDouble: [202.1]
Test VectorString: []
Test VectorString: [Str301]
Test VectorString: [Str302]
Test VectorVectorInt: [[]]
Test VectorVectorInt: [[101]]
Test VectorVectorInt: [[102]]
Test VectorVectorInt: [[103] [104]]
Test VectorVectorDouble: [[]]
Test VectorVectorDouble: [[201.1]]
Test VectorVectorDouble: [[202.1]]
Test VectorVectorDouble: [[203.1] [204.1]]
Test int Overload [Vector]: [12]
Test int Overload [Vector]: [13 14]
Test double Overload [Vector]: [12.1]
Test double Overload [Vector]: [13.1 14.1]
Test String Overload [Vector]: [Str12.1]
Test String Overload [Vector]: [Str13.1 Str14.1]