Test int: 12
Test int Reference: 22
Test int Pointer: 32
Test VectorInt: [23 33 43 ]
Test VectorInt Reference: [24 34 44 ]
Test VectorInt Pointer: [25 35 45 ]
Test VectorVectorInt: [
[23 33 43 ]
[53 63 ]
[73 83 93 ]
]
Test VectorVectorInt Reference: [
[24 34 44 ]
[54 64 ]
[74 84 94 ]
]
Test VectorVectorInt Pointer: [
[25 35 45 ]
[55 65 ]
[75 85 95 ]
]
Test double: 12.1
Test double Reference: 22.2
Test double Pointer: 32.3
Test VectorDouble: [23.1 33.1 43.1 ]
Test VectorDouble Reference: [24.2 34.2 44.2 ]
Test VectorDouble Pointer: [25.3 35.3 45.3 ]
Test VectorVectorDouble: [
[23.1 33.1 43.1 ]
[53.1 63.1 ]
[73.1 83.1 93.1 ]
]
Test VectorVectorDouble Reference: [
[24.2 34.2 44.2 ]
[54.2 64.2 ]
[74.2 84.2 94.2 ]
]
Test VectorVectorDouble Pointer: [
[25.3 35.3 45.3 ]
[55.3 65.3 ]
[75.3 85.3 95.3 ]
]
Test String: Str12
Test String Reference: Str22
Test String Pointer: Str32
Test VectorString: [Str23 Str33 Str43 ]
Test VectorString Reference: [Str24 Str34 Str44 ]
Test VectorString Pointer: [Str25 Str35 Str45 ]
