Test int: 12
<class 'int'>
Test int Reference: 22
<class 'int'>
Test VectorInt: [23 33 43 ]
<class 'tuple'>
Test VectorInt Reference: [24 34 44 ]
<class 'tuple'>
Test VectorInt Pointer: [25 35 45 ]
<class 'tuple'>
Test double: 12.1
<class 'float'>
Test double Reference: 22.2
<class 'float'>
Test VectorDouble: [23.1 33.1 43.1 ]
<class 'tuple'>
Test VectorDouble Reference: [24.2 34.2 44.2 ]
<class 'tuple'>
Test VectorDouble Pointer: [25.3 35.3 45.3 ]
<class 'tuple'>
Test String: Str12
<class 'str'>
Test String Reference: Str22
<class 'str'>
Test VectorString: [Str23 Str33 Str43 ]
<class 'tuple'>
Test VectorString Reference: [Str24 Str34 Str44 ]
<class 'tuple'>
Test VectorString Pointer: [Str25 Str35 Str45 ]
<class 'tuple'>
